--------------------------------------------------------------------------------------
Timing Analyzer Summary
--------------------------------------------------------------------------------------

Type           : Worst-case tco
Slack          : N/A
Required Time  : None
Actual Time    : 11.552 ns
From           : inst8
To             : LEDR[3]
From Clock     : SW[16]
To Clock       : --
Failed Paths   : 0

Type           : Clock Setup: 'KEY[0]'
Slack          : N/A
Required Time  : None
Actual Time    : Restricted to 450.05 MHz ( period = 2.222 ns )
From           : inst
To             : inst
From Clock     : KEY[0]
To Clock       : KEY[0]
Failed Paths   : 0

Type           : Clock Setup: 'SW[16]'
Slack          : N/A
Required Time  : None
Actual Time    : Restricted to 450.05 MHz ( period = 2.222 ns )
From           : inst
To             : inst
From Clock     : SW[16]
To Clock       : SW[16]
Failed Paths   : 0

Type           : Total number of failed paths
Slack          : 
Required Time  : 
Actual Time    : 
From           : 
To             : 
From Clock     : 
To Clock       : 
Failed Paths   : 0

--------------------------------------------------------------------------------------

